================================================================================
  VALIDATION ERROR
================================================================================

* 'module_custom_instructions' must have at least one of 'question_categorization' or 'sql_generation' defined

================================================================================
