================================================================================
  VALIDATION ERROR
================================================================================

* Semantic model must have at least one table

================================================================================
