================================================================================
  SEMANTIC MODEL VALIDATION SUMMARY
================================================================================

Name: THREE_COLUMN_COMPOSITE_KEY
Description: Test semantic model with three-column composite primary key

TABLES
--------------------------------------------------------------------------------
Name               | Location                           | Dimensions | Time | Facts | Metrics | Filters
-------------------|------------------------------------|------------|------|-------|---------|--------
SALES_TRANSACTIONS | SALES_DB.PUBLIC.SALES_TRANSACTIONS |          4 |    1 |     1 |       0 |       0

RELATIONSHIPS
--------------------------------------------------------------------------------
  No relationships defined

VERIFIED QUERIES
--------------------------------------------------------------------------------
  No verified queries defined

CUSTOM INSTRUCTIONS
--------------------------------------------------------------------------------
  No custom instructions defined

================================================================================
* Validation successful!
================================================================================
