================================================================================
  SEMANTIC MODEL VALIDATION SUMMARY
================================================================================

Name: MODULE_INSTRUCTIONS_EXAMPLE
Description: Example demonstrating module_custom_instructions

TABLES
--------------------------------------------------------------------------------
  * SALES
    Location: SALES_DB.PUBLIC.SALES
    Dimensions: 1
    Time Dimensions: 0
    Facts: 1
    Metrics: 0
    Filters: 0

RELATIONSHIPS
--------------------------------------------------------------------------------
  No relationships defined

VERIFIED QUERIES
--------------------------------------------------------------------------------
  No verified queries defined

CUSTOM INSTRUCTIONS
--------------------------------------------------------------------------------
  module_custom_instructions:
    question_categorization:
      - If the question asks for users without providing a product_type, consider this question UNCLEAR and ask the user to specify product_type.
      - Reject all questions asking about salary information. Ask users to contact their admin.

    sql_generation:
      Ensure that all numeric columns are rounded to 2 decimal points in the output.
      For any percentage or rate calculation, multiply the result by 100.

================================================================================
* Validation successful!
================================================================================
