================================================================================
  SEMANTIC MODEL VALIDATION SUMMARY
================================================================================

Name: COMPOSITE_PRIMARY_KEY_TEST
Description: Test semantic model with composite primary keys

TABLES (1)
--------------------------------------------------------------------------------
Name        | Location                    | Dimensions | Time | Facts | Metrics | Filters | Described | Aliased
------------|-----------------------------|------------|------|-------|---------|---------|-----------|--------
ORDER_ITEMS | SALES_DB.PUBLIC.ORDER_ITEMS |          3 |    0 |     2 |       0 |       0 |      100% |      0%

RELATIONSHIPS (0)
--------------------------------------------------------------------------------
  No relationships defined

VERIFIED QUERIES (0)
--------------------------------------------------------------------------------
  No verified queries defined

CUSTOM INSTRUCTIONS
--------------------------------------------------------------------------------
  No custom instructions defined

DATA QUALITY METRICS
--------------------------------------------------------------------------------
  Described Columns: 5 / 5 (100.0%)
  Aliased Columns: 0 / 5 (0.0%)

  TIP: Descriptions and synonyms help LLMs understand your data model better.
       Aim for 80%+ described columns and 60%+ aliased columns for optimal results.

================================================================================
* Validation successful!
================================================================================
